
> my-app@0.1.0 build
> next build

▲ Next.js 16.3.4 (Turbopack)
- Environments: .env
✓ Running next.config.mjs took 52ms

  Creating an optimized production build ...
✓ Compiled successfully in 5.6s
  Running TypeScript ...
  Finished TypeScript in 5ms ...
  Collecting page data using 7 workers ...
  Generating static pages using 7 workers (0/12) ...
  Generating static pages using 7 workers (3/12) 
  Generating static pages using 7 workers (6/12) 
  Generating static pages using 7 workers (9/12) 
✓ Generating static pages using 7 workers (12/12) in 2.4s
  Finalizing page optimization ...

Route (app)
┌ ○ /
├ ○ /_not-found
├ ○ /about
├ ƒ /api/login
├ ƒ /api/signup
├ ƒ /api/test-db
├ ○ /blog
├ ○ /contact
├ ○ /Login
└ ○ /ServicePage


○  (Static)   prerendered as static content
ƒ  (Dynamic)  server-rendered on demand

